src/lib/firebase-admin.ts(21,5): error TS1128: Declaration or statement expected.
src/lib/firebase-admin.ts(21,7): error TS1005: 'try' expected.
src/lib/firebase-admin.ts(24,1): error TS1128: Declaration or statement expected.
