src/app/api/admin/set-admin-claim/route.ts(46,25): error TS2551: Property 'setCustomClaims' does not exist on type 'Auth'. Did you mean 'setCustomUserClaims'?
src/lib/revoke-inactive-tokens.ts(1,19): error TS2305: Module '"firebase-admin/auth"' has no exported member 'listUsers'.
src/lib/revoke-inactive-tokens.ts(1,30): error TS2305: Module '"firebase-admin/auth"' has no exported member 'revokeRefreshTokens'.
src/lib/revoke-inactive-tokens.ts(14,11): error TS7022: 'result' implicitly has type 'any' because it does not have a type annotation and is referenced directly or indirectly in its own initializer.
src/lib/sentry-logger.ts(1,25): error TS2307: Cannot find module '@sentry/nextjs' or its corresponding type declarations.
